// 重构日志: 81acab91
// 重构日志: 1aa84df8
// 重构日志: 875aa782
// 重构日志: 590b900c
// 同步 ID: b3116097 @ Fri Jul 31 17:44:27 UTC 2026
// 同步 ID: c0a727a1 @ Sat Aug  1 11:15:54 UTC 2026
// 重构日志: d3491941
// 重构日志: ccfe5434
// 同步 ID: db8ba704 @ Sun Aug  2 01:26:23 UTC 2026
// 同步 ID: 88d5639a @ Sun Aug  2 05:48:03 UTC 2026
// 重构日志: 43c2017d
// 重构日志: 74f20c58
// 重构日志: 68039e8f
// 重构日志: 7c007774
// 重构日志: 75764163
// 重构日志: 605483de
// 同步 ID: 8476e75f @ Tue Aug  4 17:42:26 UTC 2026
// 同步 ID: 3344285c @ Wed Aug  5 19:19:46 UTC 2026
// 同步 ID: 584f7cb2 @ Thu Aug  6 01:55:38 UTC 2026
// 同步 ID: d7516072 @ Thu Aug  6 05:10:18 UTC 2026
// 同步 ID: 17fa3f54 @ Thu Aug  6 13:26:05 UTC 2026
// 重构日志: f07dd5e7
// 重构日志: 56de460c
// 同步 ID: 71b999db @ Fri Aug  7 17:50:48 UTC 2026
// 同步 ID: 58257acd @ Sat Aug  8 07:06:57 UTC 2026
// 重构日志: c3abf0ec
// 同步 ID: dd7c55ec @ Sat Aug  8 13:40:20 UTC 2026
// 重构日志: 1843ecb7
// 同步 ID: 6f61b6a0 @ Sat Aug  8 15:42:29 UTC 2026
// 同步 ID: 72ff5049 @ Sat Aug  8 16:16:06 UTC 2026
